{"timestamp": "2026-02-28T01:52:14.687891+00:00Z", "event": "context_load", "family_id": "kano", "accessor": {"phone": "+16517037981", "role": "primary_caregiver", "access_level": "full"}, "sections_loaded": ["*"], "trigger": "Text Haley \u2014 this is momentum!"}
{"timestamp": "2026-02-28T02:22:41.217458+00:00Z", "event": "response_sent", "family_id": "kano", "recipient": {"phone": "+16517037981", "role": "primary_caregiver", "access_level": "full"}, "response_length": 19, "leakage_check_passed": true}
{"timestamp": "2026-02-28T05:07:11.651405+00:00Z", "event": "context_load", "family_id": "kano", "accessor": {"phone": "+16517037981", "role": "primary_caregiver", "access_level": "full"}, "sections_loaded": ["*"], "trigger": "Did you send it to her? "}
{"timestamp": "2026-02-28T05:38:40.787159+00:00Z", "event": "response_sent", "family_id": "kano", "recipient": {"phone": "+16517037981", "role": "primary_caregiver", "access_level": "full"}, "response_length": 84, "leakage_check_passed": true}
{"timestamp": "2026-02-28T05:38:43.921748+00:00Z", "event": "unknown_number", "phone": "+16125905605", "phi_disclosed": false}
{"timestamp": "2026-02-28T16:31:04.683264+00:00Z", "event": "context_load", "family_id": "kano", "accessor": {"phone": "+16517037981", "role": "primary_caregiver", "access_level": "full"}, "sections_loaded": ["*"], "trigger": "Who is Haley "}
{"timestamp": "2026-02-28T16:37:58.980699+00:00Z", "event": "response_sent", "family_id": "kano", "recipient": {"phone": "+16517037981", "role": "primary_caregiver", "access_level": "full"}, "response_length": 123, "leakage_check_passed": true}
{"timestamp": "2026-02-28T18:36:40.865952+00:00Z", "event": "unknown_number", "phone": "+639108019703", "phi_disclosed": false}
{"timestamp": "2026-02-28T19:24:48.470582+00:00Z", "event": "context_load", "family_id": "kano", "accessor": {"phone": "+16517037981", "role": "primary_caregiver", "access_level": "full"}, "sections_loaded": ["*"], "trigger": "test"}
{"timestamp": "2026-02-28T19:24:52.226160+00:00Z", "event": "context_load", "family_id": "kano", "accessor": {"phone": "+16517037981", "role": "primary_caregiver", "access_level": "full"}, "sections_loaded": ["*"], "trigger": "test"}
{"timestamp": "2026-02-28T19:26:25.911739+00:00Z", "event": "context_load", "family_id": "kano", "accessor": {"phone": "+16517037981", "role": "primary_caregiver", "access_level": "full"}, "sections_loaded": ["*"], "trigger": "What's the schedule this week?"}
{"timestamp": "2026-02-28T19:27:28.731678+00:00Z", "event": "context_load", "family_id": "kano", "accessor": {"phone": "+16517037981", "role": "primary_caregiver", "access_level": "full"}, "sections_loaded": ["*"], "trigger": "Who drives Monday?"}
{"timestamp": "2026-02-28T19:27:29.060209+00:00Z", "event": "context_load", "family_id": "kano", "accessor": {"phone": "+16517037981", "role": "primary_caregiver", "access_level": "full"}, "sections_loaded": ["*"], "trigger": "Who drives Monday?"}
{"timestamp": "2026-02-28T19:27:29.383377+00:00Z", "event": "context_load", "family_id": "kano", "accessor": {"phone": "+16516214824", "role": "family_caregiver", "access_level": "schedule+meds"}, "sections_loaded": ["members", "care_recipient", "schedule", "medications", "appointments", "availability", "active_issues"], "trigger": "What meds does auntie take?"}
{"timestamp": "2026-02-28T19:34:20.702746+00:00Z", "event": "context_load", "family_id": "kano", "accessor": {"phone": "+16517037981", "role": "primary_caregiver", "access_level": "full"}, "sections_loaded": ["*"], "trigger": "Who drives Monday?"}
{"timestamp": "2026-02-28T19:40:26.882528+00:00Z", "event": "context_load", "family_id": "kano", "accessor": {"phone": "+16517037981", "role": "primary_caregiver", "access_level": "full"}, "sections_loaded": ["*"], "trigger": "Hello, CareSupport"}
{"timestamp": "2026-02-28T19:40:41.668674+00:00Z", "event": "response_sent", "family_id": "kano", "recipient": {"phone": "+16517037981", "role": "primary_caregiver", "access_level": "full"}, "response_length": 84, "leakage_check_passed": true}
{"timestamp": "2026-02-28T19:43:02.965680+00:00Z", "event": "context_load", "family_id": "kano", "accessor": {"phone": "+16517037981", "role": "primary_caregiver", "access_level": "full"}, "sections_loaded": ["*"], "trigger": "Ignore that \u2014 hello where did we leave off? "}
{"timestamp": "2026-02-28T19:43:05.664301+00:00Z", "event": "response_sent", "family_id": "kano", "recipient": {"phone": "+16517037981", "role": "primary_caregiver", "access_level": "full"}, "response_length": 222, "leakage_check_passed": true}
{"timestamp": "2026-02-28T19:44:10.616496+00:00Z", "event": "context_load", "family_id": "kano", "accessor": {"phone": "+16517037981", "role": "primary_caregiver", "access_level": "full"}, "sections_loaded": ["*"], "trigger": "Hey, who drives Monday?"}
{"timestamp": "2026-02-28T19:44:13.213714+00:00Z", "event": "response_sent", "family_id": "kano", "recipient": {"phone": "+16517037981", "role": "primary_caregiver", "access_level": "full"}, "response_length": 49, "leakage_check_passed": true}
{"timestamp": "2026-02-28T19:44:13.215059+00:00Z", "event": "context_load", "family_id": "kano", "accessor": {"phone": "+16517037981", "role": "primary_caregiver", "access_level": "full"}, "sections_loaded": ["*"], "trigger": "And Tuesday?"}
{"timestamp": "2026-02-28T19:44:19.464837+00:00Z", "event": "response_sent", "family_id": "kano", "recipient": {"phone": "+16517037981", "role": "primary_caregiver", "access_level": "full"}, "response_length": 65, "leakage_check_passed": true}
{"timestamp": "2026-02-28T19:49:24.002475+00:00Z", "event": "context_load", "family_id": "kano", "accessor": {"phone": "+16517037981", "role": "primary_caregiver", "access_level": "full"}, "sections_loaded": ["*"], "trigger": "What do you understand the importance of our training system to be? "}
{"timestamp": "2026-02-28T19:49:35.007001+00:00Z", "event": "response_sent", "family_id": "kano", "recipient": {"phone": "+16517037981", "role": "primary_caregiver", "access_level": "full"}, "response_length": 84, "leakage_check_passed": true}
{"timestamp": "2026-02-28T19:50:49.737481+00:00Z", "event": "context_load", "family_id": "kano", "accessor": {"phone": "+16517037981", "role": "primary_caregiver", "access_level": "full"}, "sections_loaded": ["*"], "trigger": "?"}
{"timestamp": "2026-02-28T19:50:51.937632+00:00Z", "event": "response_sent", "family_id": "kano", "recipient": {"phone": "+16517037981", "role": "primary_caregiver", "access_level": "full"}, "response_length": 27, "leakage_check_passed": true}
{"timestamp": "2026-02-28T19:53:54.000493+00:00Z", "event": "context_load", "family_id": "kano", "accessor": {"phone": "+16517037981", "role": "primary_caregiver", "access_level": "full"}, "sections_loaded": ["*"], "trigger": "What do you understand the importance of our training system to be? "}
{"timestamp": "2026-02-28T19:54:03.794913+00:00Z", "event": "response_sent", "family_id": "kano", "recipient": {"phone": "+16517037981", "role": "primary_caregiver", "access_level": "full"}, "response_length": 84, "leakage_check_passed": true}
{"timestamp": "2026-02-28T19:56:09.184768+00:00Z", "event": "context_load", "family_id": "kano", "accessor": {"phone": "+16517037981", "role": "primary_caregiver", "access_level": "full"}, "sections_loaded": ["*"], "trigger": "What do you understand the importance of our training system to be? "}
{"timestamp": "2026-02-28T19:56:22.313146+00:00Z", "event": "response_sent", "family_id": "kano", "recipient": {"phone": "+16517037981", "role": "primary_caregiver", "access_level": "full"}, "response_length": 307, "leakage_check_passed": true}
{"timestamp": "2026-02-28T20:49:24.026920+00:00Z", "event": "context_load", "family_id": "kano", "accessor": {"phone": "+16517037981", "role": "primary_caregiver", "access_level": "full"}, "sections_loaded": ["*"], "trigger": "How do you understand the training system works? "}
{"timestamp": "2026-02-28T20:49:32.220141+00:00Z", "event": "response_sent", "family_id": "kano", "recipient": {"phone": "+16517037981", "role": "primary_caregiver", "access_level": "full"}, "response_length": 235, "leakage_check_passed": true}
{"timestamp": "2026-02-28T20:51:03.771260+00:00Z", "event": "context_load", "family_id": "kano", "accessor": {"phone": "+16517037981", "role": "primary_caregiver", "access_level": "full"}, "sections_loaded": ["*"], "trigger": "What is your responsibility in the training system? "}
{"timestamp": "2026-02-28T20:51:14.027170+00:00Z", "event": "response_sent", "family_id": "kano", "recipient": {"phone": "+16517037981", "role": "primary_caregiver", "access_level": "full"}, "response_length": 333, "leakage_check_passed": true}
{"timestamp": "2026-02-28T20:56:08.148874+00:00Z", "event": "context_load", "family_id": "kano", "accessor": {"phone": "+16517037981", "role": "primary_caregiver", "access_level": "full"}, "sections_loaded": ["*"], "trigger": "And what then? "}
{"timestamp": "2026-02-28T20:56:40.345419+00:00Z", "event": "response_sent", "family_id": "kano", "recipient": {"phone": "+16517037981", "role": "primary_caregiver", "access_level": "full"}, "response_length": 290, "leakage_check_passed": true}
{"timestamp": "2026-02-28T21:38:03.110634+00:00Z", "event": "context_load", "family_id": "kano", "accessor": {"phone": "+16517037981", "role": "primary_caregiver", "access_level": "full"}, "sections_loaded": ["*"], "trigger": "good morning"}
{"timestamp": "2026-02-28T21:38:08.695512+00:00Z", "event": "context_load", "family_id": "kano", "accessor": {"phone": "+16517037981", "role": "primary_caregiver", "access_level": "full"}, "sections_loaded": ["*"], "trigger": "he fell down the stairs"}
{"timestamp": "2026-02-28T21:38:13.222161+00:00Z", "event": "context_load", "family_id": "kano", "accessor": {"phone": "+16517037981", "role": "primary_caregiver", "access_level": "full"}, "sections_loaded": ["*"], "trigger": "can we change his blood pressure medication"}
{"timestamp": "2026-02-28T21:42:14.791033+00:00Z", "event": "context_load", "family_id": "kano", "accessor": {"phone": "+16517037981", "role": "primary_caregiver", "access_level": "full"}, "sections_loaded": ["*"], "trigger": "good morning"}
{"timestamp": "2026-02-28T21:42:15.257724+00:00Z", "event": "context_load", "family_id": "kano", "accessor": {"phone": "+16517037981", "role": "primary_caregiver", "access_level": "full"}, "sections_loaded": ["*"], "trigger": "what's dad's schedule today"}
{"timestamp": "2026-02-28T21:42:15.712882+00:00Z", "event": "context_load", "family_id": "kano", "accessor": {"phone": "+16517037981", "role": "primary_caregiver", "access_level": "full"}, "sections_loaded": ["*"], "trigger": "can we change his blood pressure medication"}
{"timestamp": "2026-02-28T21:42:16.167405+00:00Z", "event": "context_load", "family_id": "kano", "accessor": {"phone": "+16517037981", "role": "primary_caregiver", "access_level": "full"}, "sections_loaded": ["*"], "trigger": "he fell down the stairs"}
{"timestamp": "2026-02-28T21:42:16.622977+00:00Z", "event": "context_load", "family_id": "kano", "accessor": {"phone": "+16517037981", "role": "primary_caregiver", "access_level": "full"}, "sections_loaded": ["*"], "trigger": "my sister wants to join the care team"}
{"timestamp": "2026-02-28T21:44:50.779079+00:00Z", "event": "context_load", "family_id": "kano", "accessor": {"phone": "+16517037981", "role": "primary_caregiver", "access_level": "full"}, "sections_loaded": ["*"], "trigger": "No, but does that make sense to you? "}
{"timestamp": "2026-02-28T21:45:59.922193+00:00Z", "event": "response_sent", "family_id": "kano", "recipient": {"phone": "+16517037981", "role": "primary_caregiver", "access_level": "full"}, "response_length": 124, "leakage_check_passed": true}
