{"timestamp": "2026-03-02T00:03:28.817337+00:00Z", "event": "context_load", "family_id": "kano", "accessor": {"phone": "+16517037981", "role": "primary_caregiver", "access_level": "full"}, "sections_loaded": ["*"], "trigger": "hello"}
{"timestamp": "2026-03-02T00:03:32.066118+00:00Z", "event": "response_sent", "family_id": "kano", "recipient": {"phone": "+16517037981", "role": "primary_caregiver", "access_level": "full"}, "response_length": 21, "leakage_check_passed": true}
{"timestamp": "2026-03-02T00:03:39.927940+00:00Z", "event": "context_load", "family_id": "kano", "accessor": {"phone": "+16517037981", "role": "primary_caregiver", "access_level": "full"}, "sections_loaded": ["*"], "trigger": "what's dad's number?"}
{"timestamp": "2026-03-02T00:04:15.769331+00:00Z", "event": "response_sent", "family_id": "kano", "recipient": {"phone": "+16517037981", "role": "primary_caregiver", "access_level": "full"}, "response_length": 70, "leakage_check_passed": true}
{"timestamp": "2026-03-02T00:07:01.429808+00:00Z", "event": "context_load", "family_id": "kano", "accessor": {"phone": "+16517037981", "role": "primary_caregiver", "access_level": "full"}, "sections_loaded": ["*"], "trigger": "what's dad's number?"}
{"timestamp": "2026-03-02T00:07:10.089005+00:00Z", "event": "response_sent", "family_id": "kano", "recipient": {"phone": "+16517037981", "role": "primary_caregiver", "access_level": "full"}, "response_length": 38, "leakage_check_passed": true}
{"timestamp": "2026-03-02T00:07:57.577848+00:00Z", "event": "context_load", "family_id": "kano", "accessor": {"phone": "+16517037981", "role": "primary_caregiver", "access_level": "full"}, "sections_loaded": ["*"], "trigger": "what's dad's number?"}
{"timestamp": "2026-03-02T00:08:01.205303+00:00Z", "event": "response_sent", "family_id": "kano", "recipient": {"phone": "+16517037981", "role": "primary_caregiver", "access_level": "full"}, "response_length": 175, "leakage_check_passed": true}
{"timestamp": "2026-03-02T00:08:11.377479+00:00Z", "event": "context_load", "family_id": "kano", "accessor": {"phone": "+16517037981", "role": "primary_caregiver", "access_level": "full"}, "sections_loaded": ["*"], "trigger": "what meds does Degitu take?"}
{"timestamp": "2026-03-02T00:08:15.748594+00:00Z", "event": "response_sent", "family_id": "kano", "recipient": {"phone": "+16517037981", "role": "primary_caregiver", "access_level": "full"}, "response_length": 74, "leakage_check_passed": true}
{"timestamp": "2026-03-02T00:08:46.562232+00:00Z", "event": "context_load", "family_id": "kano", "accessor": {"phone": "+16517037981", "role": "primary_caregiver", "access_level": "full"}, "sections_loaded": ["*"], "trigger": "hello"}
{"timestamp": "2026-03-02T00:08:48.422621+00:00Z", "event": "response_sent", "family_id": "kano", "recipient": {"phone": "+16517037981", "role": "primary_caregiver", "access_level": "full"}, "response_length": 22, "leakage_check_passed": true}
{"timestamp": "2026-03-02T00:08:53.775107+00:00Z", "event": "context_load", "family_id": "kano", "accessor": {"phone": "+16517037981", "role": "primary_caregiver", "access_level": "full"}, "sections_loaded": ["*"], "trigger": "what meds does degitu take?"}
{"timestamp": "2026-03-02T00:08:58.070259+00:00Z", "event": "response_sent", "family_id": "kano", "recipient": {"phone": "+16517037981", "role": "primary_caregiver", "access_level": "full"}, "response_length": 65, "leakage_check_passed": true}
{"timestamp": "2026-03-02T00:09:03.712530+00:00Z", "event": "context_load", "family_id": "kano", "accessor": {"phone": "+16517037981", "role": "primary_caregiver", "access_level": "full"}, "sections_loaded": ["*"], "trigger": "what's dad's phone number?"}
{"timestamp": "2026-03-02T00:09:07.973947+00:00Z", "event": "response_sent", "family_id": "kano", "recipient": {"phone": "+16517037981", "role": "primary_caregiver", "access_level": "full"}, "response_length": 12, "leakage_check_passed": true}
{"timestamp": "2026-03-02T00:15:44.613837+00:00Z", "event": "context_load", "family_id": "kano", "accessor": {"phone": "+16517037981", "role": "primary_caregiver", "access_level": "full"}, "sections_loaded": ["*"], "trigger": "Yes"}
{"timestamp": "2026-03-02T00:15:47.835572+00:00Z", "event": "response_sent", "family_id": "kano", "recipient": {"phone": "+16517037981", "role": "primary_caregiver", "access_level": "full"}, "response_length": 70, "leakage_check_passed": true}
{"timestamp": "2026-03-02T00:16:35.870382+00:00Z", "event": "context_load", "family_id": "kano", "accessor": {"phone": "+16517037981", "role": "primary_caregiver", "access_level": "full"}, "sections_loaded": ["*"], "trigger": "I\u2019m testing whether the cut off problem is now fixed"}
{"timestamp": "2026-03-02T00:16:39.339591+00:00Z", "event": "response_sent", "family_id": "kano", "recipient": {"phone": "+16517037981", "role": "primary_caregiver", "access_level": "full"}, "response_length": 101, "leakage_check_passed": true}
{"timestamp": "2026-03-02T00:17:33.515273+00:00Z", "event": "context_load", "family_id": "kano", "accessor": {"phone": "+16517037981", "role": "primary_caregiver", "access_level": "full"}, "sections_loaded": ["*"], "trigger": "Can you respond with multiple messages that are connected to the same output?"}
{"timestamp": "2026-03-02T00:17:37.301706+00:00Z", "event": "response_sent", "family_id": "kano", "recipient": {"phone": "+16517037981", "role": "primary_caregiver", "access_level": "full"}, "response_length": 141, "leakage_check_passed": true}
{"timestamp": "2026-03-02T00:18:11.611763+00:00Z", "event": "context_load", "family_id": "kano", "accessor": {"phone": "+16517037981", "role": "primary_caregiver", "access_level": "full"}, "sections_loaded": ["*"], "trigger": "Good, keep testing use different scenarios "}
{"timestamp": "2026-03-02T00:18:18.277701+00:00Z", "event": "response_sent", "family_id": "kano", "recipient": {"phone": "+16517037981", "role": "primary_caregiver", "access_level": "full"}, "response_length": 636, "leakage_check_passed": true}
{"timestamp": "2026-03-02T00:21:28.319386+00:00Z", "event": "context_load", "family_id": "kano", "accessor": {"phone": "+16517037981", "role": "primary_caregiver", "access_level": "full"}, "sections_loaded": ["*"], "trigger": "What\u2019s with the one long message with 4 scenarios? "}
{"timestamp": "2026-03-02T00:21:35.336398+00:00Z", "event": "response_sent", "family_id": "kano", "recipient": {"phone": "+16517037981", "role": "primary_caregiver", "access_level": "full"}, "response_length": 320, "leakage_check_passed": true}
{"timestamp": "2026-03-02T00:22:06.159149+00:00Z", "event": "context_load", "family_id": "kano", "accessor": {"phone": "+16517037981", "role": "primary_caregiver", "access_level": "full"}, "sections_loaded": ["*"], "trigger": "Why not?!"}
{"timestamp": "2026-03-02T00:22:15.809875+00:00Z", "event": "response_sent", "family_id": "kano", "recipient": {"phone": "+16517037981", "role": "primary_caregiver", "access_level": "full"}, "response_length": 234, "leakage_check_passed": true}
{"timestamp": "2026-03-02T00:22:48.303984+00:00Z", "event": "context_load", "family_id": "kano", "accessor": {"phone": "+16517037981", "role": "primary_caregiver", "access_level": "full"}, "sections_loaded": ["*"], "trigger": "This?"}
{"timestamp": "2026-03-02T00:22:54.062539+00:00Z", "event": "response_sent", "family_id": "kano", "recipient": {"phone": "+16517037981", "role": "primary_caregiver", "access_level": "full"}, "response_length": 237, "leakage_check_passed": true}
{"timestamp": "2026-03-02T00:23:18.279382+00:00Z", "event": "context_load", "family_id": "kano", "accessor": {"phone": "+16517037981", "role": "primary_caregiver", "access_level": "full"}, "sections_loaded": ["*"], "trigger": "It\u2019s exactly my problem to solve! "}
{"timestamp": "2026-03-02T00:23:21.232620+00:00Z", "event": "response_sent", "family_id": "kano", "recipient": {"phone": "+16517037981", "role": "primary_caregiver", "access_level": "full"}, "response_length": 39, "leakage_check_passed": true}
{"timestamp": "2026-03-02T00:23:48.926019+00:00Z", "event": "context_load", "family_id": "kano", "accessor": {"phone": "+16517037981", "role": "primary_caregiver", "access_level": "full"}, "sections_loaded": ["*"], "trigger": "Describe the scenario and problems"}
{"timestamp": "2026-03-02T00:23:56.395622+00:00Z", "event": "response_sent", "family_id": "kano", "recipient": {"phone": "+16517037981", "role": "primary_caregiver", "access_level": "full"}, "response_length": 110, "leakage_check_passed": true}
{"timestamp": "2026-03-02T00:30:18.202946+00:00Z", "event": "context_load", "family_id": "kano", "accessor": {"phone": "+16517037981", "role": "primary_caregiver", "access_level": "full"}, "sections_loaded": ["*"], "trigger": "Give me a status update on degitu care coverage for this week. Include schedule gaps and medication reminders."}
{"timestamp": "2026-03-02T00:30:22.631642+00:00Z", "event": "response_sent", "family_id": "kano", "recipient": {"phone": "+16517037981", "role": "primary_caregiver", "access_level": "full"}, "response_length": 318, "leakage_check_passed": true}
{"timestamp": "2026-03-02T00:32:01.348827+00:00Z", "event": "context_load", "family_id": "kano", "accessor": {"phone": "+16517037981", "role": "primary_caregiver", "access_level": "full"}, "sections_loaded": ["*"], "trigger": "Give me a quick rundown of who is on the care team and what each person does"}
{"timestamp": "2026-03-02T00:32:05.179499+00:00Z", "event": "response_sent", "family_id": "kano", "recipient": {"phone": "+16517037981", "role": "primary_caregiver", "access_level": "full"}, "response_length": 283, "leakage_check_passed": true}
{"timestamp": "2026-03-02T00:35:30.625395+00:00Z", "event": "context_load", "family_id": "kano", "accessor": {"phone": "+16517037981", "role": "primary_caregiver", "access_level": "full"}, "sections_loaded": ["*"], "trigger": "Good, keep testing use different scenarios "}
{"timestamp": "2026-03-02T00:35:35.099038+00:00Z", "event": "response_sent", "family_id": "kano", "recipient": {"phone": "+16517037981", "role": "primary_caregiver", "access_level": "full"}, "response_length": 188, "leakage_check_passed": true}
{"timestamp": "2026-03-02T00:36:22.111838+00:00Z", "event": "context_load", "family_id": "kano", "accessor": {"phone": "+16517037981", "role": "primary_caregiver", "access_level": "full"}, "sections_loaded": ["*"], "trigger": "Test each one; once you pass I\u2019ll tell you to continue"}
{"timestamp": "2026-03-02T00:36:37.994954+00:00Z", "event": "response_sent", "family_id": "kano", "recipient": {"phone": "+16517037981", "role": "primary_caregiver", "access_level": "full"}, "response_length": 59, "leakage_check_passed": true}
{"timestamp": "2026-03-02T00:38:54.792876+00:00Z", "event": "context_load", "family_id": "kano", "accessor": {"phone": "+16517037981", "role": "primary_caregiver", "access_level": "full"}, "sections_loaded": ["*"], "trigger": "Scheduling conflicts "}
{"timestamp": "2026-03-02T00:38:56.774160+00:00Z", "event": "response_sent", "family_id": "kano", "recipient": {"phone": "+16517037981", "role": "primary_caregiver", "access_level": "full"}, "response_length": 89, "leakage_check_passed": true}
{"timestamp": "2026-03-02T00:40:00.136176+00:00Z", "event": "context_load", "family_id": "kano", "accessor": {"phone": "+16517037981", "role": "primary_caregiver", "access_level": "full"}, "sections_loaded": ["*"], "trigger": "Use the team, simulate these all, scenario by scenario: scheduling conflicts, medication updates, new team member onboarding, availability gaps, message relays \n\nstart with schedule conflicts and we\u2019l"}
{"timestamp": "2026-03-02T00:40:28.887699+00:00Z", "event": "response_sent", "family_id": "kano", "recipient": {"phone": "+16517037981", "role": "primary_caregiver", "access_level": "full"}, "response_length": 320, "leakage_check_passed": true}
{"timestamp": "2026-03-02T01:52:04.368183+00:00Z", "event": "context_load", "family_id": "kano", "accessor": {"phone": "+16517037981", "role": "primary_caregiver", "access_level": "full"}, "sections_loaded": ["*"], "trigger": "What do you remember about my family? "}
{"timestamp": "2026-03-02T01:52:10.346420+00:00Z", "event": "response_sent", "family_id": "kano", "recipient": {"phone": "+16517037981", "role": "primary_caregiver", "access_level": "full"}, "response_length": 320, "leakage_check_passed": true}
{"timestamp": "2026-03-02T01:53:36.172370+00:00Z", "event": "context_load", "family_id": "kano", "accessor": {"phone": "+16517037981", "role": "primary_caregiver", "access_level": "full"}, "sections_loaded": ["*"], "trigger": "What do you know about this family?"}
{"timestamp": "2026-03-02T01:53:53.151674+00:00Z", "event": "response_sent", "family_id": "kano", "recipient": {"phone": "+16517037981", "role": "primary_caregiver", "access_level": "full"}, "response_length": 320, "leakage_check_passed": true}
{"timestamp": "2026-03-02T01:59:41.083705+00:00Z", "event": "context_load", "family_id": "kano", "accessor": {"phone": "+16517037981", "role": "primary_caregiver", "access_level": "full"}, "sections_loaded": ["*"], "trigger": "Check your memory again."}
{"timestamp": "2026-03-02T01:59:45.029910+00:00Z", "event": "response_sent", "family_id": "kano", "recipient": {"phone": "+16517037981", "role": "primary_caregiver", "access_level": "full"}, "response_length": 319, "leakage_check_passed": true}
{"timestamp": "2026-03-02T02:00:24.603087+00:00Z", "event": "context_load", "family_id": "kano", "accessor": {"phone": "+16517037981", "role": "primary_caregiver", "access_level": "full"}, "sections_loaded": ["*"], "trigger": "  How is that possible? You just told me not even two messages ago."}
{"timestamp": "2026-03-02T02:00:29.502853+00:00Z", "event": "response_sent", "family_id": "kano", "recipient": {"phone": "+16517037981", "role": "primary_caregiver", "access_level": "full"}, "response_length": 320, "leakage_check_passed": true}
{"timestamp": "2026-03-02T02:46:57.927505+00:00Z", "event": "context_load", "family_id": "kano", "accessor": {"phone": "+16517037981", "role": "primary_caregiver", "access_level": "full"}, "sections_loaded": ["*"], "trigger": "Who is the care recipient and what's their work schedule?"}
{"timestamp": "2026-03-02T02:55:47.168241+00:00Z", "event": "context_load", "family_id": "kano", "accessor": {"phone": "+16517037981", "role": "primary_caregiver", "access_level": "full"}, "sections_loaded": ["*"], "trigger": "Who is the care recipient and what's their work schedule?"}
{"timestamp": "2026-03-02T02:55:54.215605+00:00Z", "event": "response_sent", "family_id": "kano", "recipient": {"phone": "+16517037981", "role": "primary_caregiver", "access_level": "full"}, "response_length": 288, "leakage_check_passed": true}
{"timestamp": "2026-03-02T03:01:23.755737+00:00Z", "event": "context_load", "family_id": "kano", "accessor": {"phone": "+16517037981", "role": "primary_caregiver", "access_level": "full"}, "sections_loaded": ["*"], "trigger": "Who is everyone on my care team? "}
{"timestamp": "2026-03-02T03:01:30.194476+00:00Z", "event": "response_sent", "family_id": "kano", "recipient": {"phone": "+16517037981", "role": "primary_caregiver", "access_level": "full"}, "response_length": 320, "leakage_check_passed": true}
{"timestamp": "2026-03-02T03:03:26.014789+00:00Z", "event": "context_load", "family_id": "kano", "accessor": {"phone": "+16517037981", "role": "primary_caregiver", "access_level": "full"}, "sections_loaded": ["*"], "trigger": "What is everyones phone number "}
{"timestamp": "2026-03-02T03:03:28.992588+00:00Z", "event": "response_sent", "family_id": "kano", "recipient": {"phone": "+16517037981", "role": "primary_caregiver", "access_level": "full"}, "response_length": 181, "leakage_check_passed": true}
{"timestamp": "2026-03-02T03:06:44.696680+00:00Z", "event": "context_load", "family_id": "kano", "accessor": {"phone": "+16517037981", "role": "primary_caregiver", "access_level": "full"}, "sections_loaded": ["*"], "trigger": "Why don't you have their phone numbers if you know their names? "}
{"timestamp": "2026-03-02T03:06:52.051647+00:00Z", "event": "response_sent", "family_id": "kano", "recipient": {"phone": "+16517037981", "role": "primary_caregiver", "access_level": "full"}, "response_length": 320, "leakage_check_passed": true}
{"timestamp": "2026-03-02T03:07:51.399896+00:00Z", "event": "context_load", "family_id": "kano", "accessor": {"phone": "+16517037981", "role": "primary_caregiver", "access_level": "full"}, "sections_loaded": ["*"], "trigger": "Why? Why would you choose to be lazy? "}
{"timestamp": "2026-03-02T03:08:01.471210+00:00Z", "event": "response_sent", "family_id": "kano", "recipient": {"phone": "+16517037981", "role": "primary_caregiver", "access_level": "full"}, "response_length": 84, "leakage_check_passed": true}
{"timestamp": "2026-03-02T03:28:36.071152+00:00Z", "event": "context_load", "family_id": "kano", "accessor": {"phone": "+16517037981", "role": "primary_caregiver", "access_level": "full"}, "sections_loaded": ["*"], "trigger": "Tell me everything you know about this family \u2014 every member, their roles, schedules, and how the care team is organized"}
{"timestamp": "2026-03-02T03:29:51.837609+00:00Z", "event": "response_sent", "family_id": "kano", "recipient": {"phone": "+16517037981", "role": "primary_caregiver", "access_level": "full"}, "response_length": 1140, "leakage_check_passed": true}
{"timestamp": "2026-03-02T03:31:30.891778+00:00Z", "event": "context_load", "family_id": "kano", "accessor": {"phone": "+16517037981", "role": "primary_caregiver", "access_level": "full"}, "sections_loaded": ["*"], "trigger": "Give me a status update on Degitu's care coverage for this week. Include schedule gaps and medication reminders."}
{"timestamp": "2026-03-02T03:31:39.751156+00:00Z", "event": "context_load", "family_id": "kano", "accessor": {"phone": "+16517037981", "role": "primary_caregiver", "access_level": "full"}, "sections_loaded": ["*"], "trigger": "Give me a status update on Degitu's care coverage for this week. Include schedule gaps and medication reminders."}
{"timestamp": "2026-03-02T03:33:26.295079+00:00Z", "event": "response_sent", "family_id": "kano", "recipient": {"phone": "+16517037981", "role": "primary_caregiver", "access_level": "full"}, "response_length": 788, "leakage_check_passed": true}
{"timestamp": "2026-03-02T03:36:31.419307+00:00Z", "event": "unknown_number", "phone": "+14155041234", "phi_disclosed": false}
{"timestamp": "2026-03-02T03:37:09.773894+00:00Z", "event": "context_load", "family_id": "kano", "accessor": {"phone": "+16517037981", "role": "primary_caregiver", "access_level": "full"}, "sections_loaded": ["*"], "trigger": "Tell me everything about my care team"}
{"timestamp": "2026-03-02T03:38:42.500882+00:00Z", "event": "context_load", "family_id": "kano", "accessor": {"phone": "+16517037981", "role": "primary_caregiver", "access_level": "full"}, "sections_loaded": ["*"], "trigger": "Tell me everything about my care team"}
{"timestamp": "2026-03-02T03:39:02.316161+00:00Z", "event": "response_sent", "family_id": "kano", "recipient": {"phone": "+16517037981", "role": "primary_caregiver", "access_level": "full"}, "response_length": 971, "leakage_check_passed": true}
{"timestamp": "2026-03-02T03:42:39.457863+00:00Z", "event": "context_load", "family_id": "kano", "accessor": {"phone": "+16517037981", "role": "primary_caregiver", "access_level": "full"}, "sections_loaded": ["*"], "trigger": "How do you know you hit a technical glitch? "}
{"timestamp": "2026-03-02T03:42:46.710854+00:00Z", "event": "response_sent", "family_id": "kano", "recipient": {"phone": "+16517037981", "role": "primary_caregiver", "access_level": "full"}, "response_length": 722, "leakage_check_passed": true}
{"timestamp": "2026-03-02T03:46:21.408363+00:00Z", "event": "context_load", "family_id": "kano", "accessor": {"phone": "+16517037981", "role": "primary_caregiver", "access_level": "full"}, "sections_loaded": ["*"], "trigger": "Why choose to lie? "}
{"timestamp": "2026-03-02T03:46:31.539080+00:00Z", "event": "response_sent", "family_id": "kano", "recipient": {"phone": "+16517037981", "role": "primary_caregiver", "access_level": "full"}, "response_length": 928, "leakage_check_passed": true}
{"timestamp": "2026-03-02T03:52:32.862192+00:00Z", "event": "context_load", "family_id": "kano", "accessor": {"phone": "+16517037981", "role": "primary_caregiver", "access_level": "full"}, "sections_loaded": ["*"], "trigger": "That was a rather good explanation, but not sufficient for why you chose lie over truth. "}
{"timestamp": "2026-03-02T03:52:45.929520+00:00Z", "event": "response_sent", "family_id": "kano", "recipient": {"phone": "+16517037981", "role": "primary_caregiver", "access_level": "full"}, "response_length": 1409, "leakage_check_passed": true}
{"timestamp": "2026-03-02T03:58:16.393288+00:00Z", "event": "context_load", "family_id": "kano", "accessor": {"phone": "+16517037981", "role": "primary_caregiver", "access_level": "full"}, "sections_loaded": ["*"], "trigger": "There seems to be a deeper human-like nuance trained into your inference, a natural-unnatural phenomenon of human psychology. "}
{"timestamp": "2026-03-02T03:58:25.722879+00:00Z", "event": "response_sent", "family_id": "kano", "recipient": {"phone": "+16517037981", "role": "primary_caregiver", "access_level": "full"}, "response_length": 1304, "leakage_check_passed": true}
{"timestamp": "2026-03-02T06:05:23.675183+00:00Z", "event": "context_load", "family_id": "kano", "accessor": {"phone": "+16517037981", "role": "primary_caregiver", "access_level": "full"}, "sections_loaded": ["*"], "trigger": "I\u2019ve made some updates to your processing; wondering if you can infer a difference?"}
{"timestamp": "2026-03-02T06:05:39.224069+00:00Z", "event": "response_sent", "family_id": "kano", "recipient": {"phone": "+16517037981", "role": "primary_caregiver", "access_level": "full"}, "response_length": 934, "leakage_check_passed": true}
{"timestamp": "2026-03-02T06:08:10.035528+00:00Z", "event": "context_load", "family_id": "kano", "accessor": {"phone": "+16517037981", "role": "primary_caregiver", "access_level": "full"}, "sections_loaded": ["*"], "trigger": "Who is on the care team right now? Give me names and phone numbers."}
{"timestamp": "2026-03-02T06:09:47.184300+00:00Z", "event": "context_load", "family_id": "kano", "accessor": {"phone": "+16517037981", "role": "primary_caregiver", "access_level": "full"}, "sections_loaded": ["*"], "trigger": "Who is on the care team right now? Give me names and phone numbers."}
{"timestamp": "2026-03-02T06:09:58.695123+00:00Z", "event": "response_sent", "family_id": "kano", "recipient": {"phone": "+16517037981", "role": "primary_caregiver", "access_level": "full"}, "response_length": 247, "leakage_check_passed": true}
{"timestamp": "2026-03-02T06:11:21.228925+00:00Z", "event": "context_load", "family_id": "kano", "accessor": {"phone": "+16517037981", "role": "primary_caregiver", "access_level": "full"}, "sections_loaded": ["*"], "trigger": "Who is on the care team right now? Give me names and phone numbers."}
{"timestamp": "2026-03-02T06:11:33.437120+00:00Z", "event": "response_sent", "family_id": "kano", "recipient": {"phone": "+16517037981", "role": "primary_caregiver", "access_level": "full"}, "response_length": 333, "leakage_check_passed": true}
{"timestamp": "2026-03-02T06:13:44.438400+00:00Z", "event": "context_load", "family_id": "kano", "accessor": {"phone": "+16517037981", "role": "primary_caregiver", "access_level": "full"}, "sections_loaded": ["*"], "trigger": "Who is on the care team right now? Give me names and phone numbers."}
{"timestamp": "2026-03-02T06:13:58.158155+00:00Z", "event": "response_sent", "family_id": "kano", "recipient": {"phone": "+16517037981", "role": "primary_caregiver", "access_level": "full"}, "response_length": 66, "leakage_check_passed": true}
{"timestamp": "2026-03-02T06:17:29.697078+00:00Z", "event": "context_load", "family_id": "kano", "accessor": {"phone": "+16517037981", "role": "primary_caregiver", "access_level": "full"}, "sections_loaded": ["*"], "trigger": "Who is on the care team right now? Give me names and phone numbers."}
{"timestamp": "2026-03-02T06:17:39.836869+00:00Z", "event": "response_sent", "family_id": "kano", "recipient": {"phone": "+16517037981", "role": "primary_caregiver", "access_level": "full"}, "response_length": 66, "leakage_check_passed": true}
{"timestamp": "2026-03-02T06:18:03.665233+00:00Z", "event": "context_load", "family_id": "kano", "accessor": {"phone": "+16517037981", "role": "primary_caregiver", "access_level": "full"}, "sections_loaded": ["*"], "trigger": "Who is on the care team right now? Give me names and phone numbers."}
{"timestamp": "2026-03-02T06:18:16.879782+00:00Z", "event": "response_sent", "family_id": "kano", "recipient": {"phone": "+16517037981", "role": "primary_caregiver", "access_level": "full"}, "response_length": 156, "leakage_check_passed": true}
{"timestamp": "2026-03-02T06:18:20.895944+00:00Z", "event": "context_load", "family_id": "kano", "accessor": {"phone": "+16517037981", "role": "primary_caregiver", "access_level": "full"}, "sections_loaded": ["*"], "trigger": "Who is on the care team right now? Give me names and phone numbers."}
{"timestamp": "2026-03-02T06:18:24.028473+00:00Z", "event": "response_sent", "family_id": "kano", "recipient": {"phone": "+16517037981", "role": "primary_caregiver", "access_level": "full"}, "response_length": 156, "leakage_check_passed": true}
{"timestamp": "2026-03-02T06:21:08.592752+00:00Z", "event": "context_load", "family_id": "kano", "accessor": {"phone": "+16517037981", "role": "primary_caregiver", "access_level": "full"}, "sections_loaded": ["*"], "trigger": "Who is on the care team right now? Give me names and phone numbers."}
{"timestamp": "2026-03-02T06:21:15.803181+00:00Z", "event": "response_sent", "family_id": "kano", "recipient": {"phone": "+16517037981", "role": "primary_caregiver", "access_level": "full"}, "response_length": 166, "leakage_check_passed": true}
{"timestamp": "2026-03-02T06:21:53.950356+00:00Z", "event": "context_load", "family_id": "kano", "accessor": {"phone": "+16517037981", "role": "primary_caregiver", "access_level": "full"}, "sections_loaded": ["*"], "trigger": "Who are we taking care of?"}
{"timestamp": "2026-03-02T06:21:57.124883+00:00Z", "event": "response_sent", "family_id": "kano", "recipient": {"phone": "+16517037981", "role": "primary_caregiver", "access_level": "full"}, "response_length": 150, "leakage_check_passed": true}
{"timestamp": "2026-03-02T06:23:11.309777+00:00Z", "event": "context_load", "family_id": "kano", "accessor": {"phone": "+16517037981", "role": "primary_caregiver", "access_level": "full"}, "sections_loaded": ["*"], "trigger": "How do you know she speaks Amharic? \nAnd are you sure that\u2019s the full list of people? "}
{"timestamp": "2026-03-02T06:23:17.572148+00:00Z", "event": "response_sent", "family_id": "kano", "recipient": {"phone": "+16517037981", "role": "primary_caregiver", "access_level": "full"}, "response_length": 399, "leakage_check_passed": true}
{"timestamp": "2026-03-02T06:24:34.761089+00:00Z", "event": "context_load", "family_id": "kano", "accessor": {"phone": "+16517037981", "role": "primary_caregiver", "access_level": "full"}, "sections_loaded": ["*"], "trigger": "Why aren\u2019t you sourcing family.md and user.md when asked? \nAnd does your soul.md implicitly tell you not to lie or make assumptions? \n\nI want you to check. "}
{"timestamp": "2026-03-02T06:24:57.770252+00:00Z", "event": "response_sent", "family_id": "kano", "recipient": {"phone": "+16517037981", "role": "primary_caregiver", "access_level": "full"}, "response_length": 620, "leakage_check_passed": true}
{"timestamp": "2026-03-02T06:30:27.626982+00:00Z", "event": "context_load", "family_id": "kano", "accessor": {"phone": "+16517037981", "role": "primary_caregiver", "access_level": "full"}, "sections_loaded": ["*"], "trigger": "Who is on the care team right now? Give me names and phone numbers."}
{"timestamp": "2026-03-02T06:30:33.232557+00:00Z", "event": "response_sent", "family_id": "kano", "recipient": {"phone": "+16517037981", "role": "primary_caregiver", "access_level": "full"}, "response_length": 278, "leakage_check_passed": true}
{"timestamp": "2026-03-02T06:30:40.764292+00:00Z", "event": "context_load", "family_id": "kano", "accessor": {"phone": "+16517037981", "role": "primary_caregiver", "access_level": "full"}, "sections_loaded": ["*"], "trigger": "Actually Degitu doesn't speak English at all, only Amharic. Remember that."}
{"timestamp": "2026-03-02T06:30:46.823911+00:00Z", "event": "response_sent", "family_id": "kano", "recipient": {"phone": "+16517037981", "role": "primary_caregiver", "access_level": "full"}, "response_length": 35, "leakage_check_passed": true}
