{"timestamp": "2026-02-26T00:19:09.057221+00:00Z", "event": "unknown_number", "phone": "+19522157878", "phi_disclosed": false}
{"timestamp": "2026-02-26T00:19:14.458667+00:00Z", "event": "unknown_number", "phone": "+19522157878", "phi_disclosed": false}
{"timestamp": "2026-02-26T00:19:20.916581+00:00Z", "event": "unknown_number", "phone": "+16514109390", "phi_disclosed": false}
{"timestamp": "2026-02-26T00:19:27.174986+00:00Z", "event": "unknown_number", "phone": "+16517031881", "phi_disclosed": false}
{"timestamp": "2026-02-26T00:19:31.546465+00:00Z", "event": "unknown_number", "phone": "+16517031881", "phi_disclosed": false}
{"timestamp": "2026-02-26T00:19:41.325739+00:00Z", "event": "unknown_number", "phone": "+16125905605", "phi_disclosed": false}
{"timestamp": "2026-02-26T00:19:47.014182+00:00Z", "event": "unknown_number", "phone": "+16125905605", "phi_disclosed": false}
{"timestamp": "2026-02-26T00:19:50.915534+00:00Z", "event": "unknown_number", "phone": "+16125905605", "phi_disclosed": false}
{"timestamp": "2026-02-26T00:19:57.727051+00:00Z", "event": "unknown_number", "phone": "+16517037981", "phi_disclosed": false}
{"timestamp": "2026-02-26T00:20:04.972969+00:00Z", "event": "unknown_number", "phone": "+16517037981", "phi_disclosed": false}
{"timestamp": "2026-02-26T00:20:09.718747+00:00Z", "event": "unknown_number", "phone": "+16517037981", "phi_disclosed": false}
{"timestamp": "2026-02-26T00:20:16.024246+00:00Z", "event": "unknown_number", "phone": "+16517037981", "phi_disclosed": false}
{"timestamp": "2026-02-26T00:20:21.021610+00:00Z", "event": "unknown_number", "phone": "+16517037981", "phi_disclosed": false}
{"timestamp": "2026-02-26T00:20:26.497605+00:00Z", "event": "unknown_number", "phone": "+16517037981", "phi_disclosed": false}
{"timestamp": "2026-02-26T00:20:31.360668+00:00Z", "event": "unknown_number", "phone": "+16517037981", "phi_disclosed": false}
{"timestamp": "2026-02-26T00:20:36.195707+00:00Z", "event": "unknown_number", "phone": "+16517037981", "phi_disclosed": false}
{"timestamp": "2026-02-26T00:20:41.234334+00:00Z", "event": "unknown_number", "phone": "+16517037981", "phi_disclosed": false}
{"timestamp": "2026-02-26T00:20:45.733872+00:00Z", "event": "unknown_number", "phone": "+16517037981", "phi_disclosed": false}
{"timestamp": "2026-02-26T00:20:49.027119+00:00Z", "event": "unknown_number", "phone": "+19522157878", "phi_disclosed": false}
{"timestamp": "2026-02-26T00:20:52.848518+00:00Z", "event": "unknown_number", "phone": "+16517037981", "phi_disclosed": false}
{"timestamp": "2026-02-26T01:37:38.855768+00:00Z", "event": "unknown_number", "phone": "+16517037981", "phi_disclosed": false}
{"timestamp": "2026-02-26T01:37:56.363601+00:00Z", "event": "unknown_number", "phone": "+16517037981", "phi_disclosed": false}
{"timestamp": "2026-02-26T03:55:32.019890+00:00Z", "event": "context_load", "family_id": "kano", "accessor": {"phone": "+16517037981", "role": "primary_caregiver", "access_level": "full"}, "sections_loaded": ["*"], "trigger": "Hello"}
{"timestamp": "2026-02-26T03:55:46.423792+00:00Z", "event": "response_sent", "family_id": "kano", "recipient": {"phone": "+16517037981", "role": "primary_caregiver", "access_level": "full"}, "response_length": 121, "leakage_check_passed": true}
{"timestamp": "2026-02-26T03:56:03.986572+00:00Z", "event": "context_load", "family_id": "kano", "accessor": {"phone": "+16517037981", "role": "primary_caregiver", "access_level": "full"}, "sections_loaded": ["*"], "trigger": "Who\u2019s on the team?"}
{"timestamp": "2026-02-26T03:56:15.302323+00:00Z", "event": "response_sent", "family_id": "kano", "recipient": {"phone": "+16517037981", "role": "primary_caregiver", "access_level": "full"}, "response_length": 93, "leakage_check_passed": true}
{"timestamp": "2026-02-26T03:57:38.899313+00:00Z", "event": "context_load", "family_id": "kano", "accessor": {"phone": "+16517037981", "role": "primary_caregiver", "access_level": "full"}, "sections_loaded": ["*"], "trigger": "Liban Kano (myself, coordinator): 651-703-7981 \nDegitu Tefera (care recipient): 612-987-4255 \nSolan Kano (my brother): 651-410-9390 \nYada Kano (my brother): 651-7031881 \nHaley Purvis (my partner): 612"}
{"timestamp": "2026-02-26T03:57:42.643266+00:00Z", "event": "response_sent", "family_id": "kano", "recipient": {"phone": "+16517037981", "role": "primary_caregiver", "access_level": "full"}, "response_length": 204, "leakage_check_passed": true}
{"timestamp": "2026-02-26T03:58:32.874456+00:00Z", "event": "context_load", "family_id": "kano", "accessor": {"phone": "+16517037981", "role": "primary_caregiver", "access_level": "full"}, "sections_loaded": ["*"], "trigger": "We\u2019re just family you see above I annotated in brackets our relationship to Degitu  (my aunt) "}
{"timestamp": "2026-02-26T03:58:36.333889+00:00Z", "event": "response_sent", "family_id": "kano", "recipient": {"phone": "+16517037981", "role": "primary_caregiver", "access_level": "full"}, "response_length": 217, "leakage_check_passed": true}
{"timestamp": "2026-02-26T04:00:00.395290+00:00Z", "event": "context_load", "family_id": "kano", "accessor": {"phone": "+16517037981", "role": "primary_caregiver", "access_level": "full"}, "sections_loaded": ["*"], "trigger": "She is I think 66 years old. She recently had toe surgery and is now able to walk but still needs assistance getting to and from work and anywhere in between she is essentially unable to drive herself"}
{"timestamp": "2026-02-26T04:00:09.978869+00:00Z", "event": "response_sent", "family_id": "kano", "recipient": {"phone": "+16517037981", "role": "primary_caregiver", "access_level": "full"}, "response_length": 354, "leakage_check_passed": true}
{"timestamp": "2026-02-26T04:01:20.497680+00:00Z", "event": "context_load", "family_id": "kano", "accessor": {"phone": "+16517037981", "role": "primary_caregiver", "access_level": "full"}, "sections_loaded": ["*"], "trigger": "Drivers + my mom "}
{"timestamp": "2026-02-26T04:01:26.424672+00:00Z", "event": "response_sent", "family_id": "kano", "recipient": {"phone": "+16517037981", "role": "primary_caregiver", "access_level": "full"}, "response_length": 188, "leakage_check_passed": true}
{"timestamp": "2026-02-26T05:51:33.936253+00:00Z", "event": "context_load", "family_id": "kano", "accessor": {"phone": "+16517037981", "role": "primary_caregiver", "access_level": "full"}, "sections_loaded": ["*"], "trigger": "hi"}
{"timestamp": "2026-02-26T05:52:26.444966+00:00Z", "event": "context_load", "family_id": "kano", "accessor": {"phone": "+16517037981", "role": "primary_caregiver", "access_level": "full"}, "sections_loaded": ["*"], "trigger": "Hello "}
{"timestamp": "2026-02-26T05:52:29.311609+00:00Z", "event": "response_sent", "family_id": "kano", "recipient": {"phone": "+16517037981", "role": "primary_caregiver", "access_level": "full"}, "response_length": 41, "leakage_check_passed": true}
{"timestamp": "2026-02-26T05:53:04.394643+00:00Z", "event": "context_load", "family_id": "kano", "accessor": {"phone": "+16517037981", "role": "primary_caregiver", "access_level": "full"}, "sections_loaded": ["*"], "trigger": "Good morning? It\u2019s nearly midnight "}
{"timestamp": "2026-02-26T05:53:19.484082+00:00Z", "event": "response_sent", "family_id": "kano", "recipient": {"phone": "+16517037981", "role": "primary_caregiver", "access_level": "full"}, "response_length": 73, "leakage_check_passed": true}
{"timestamp": "2026-02-26T05:53:53.307174+00:00Z", "event": "context_load", "family_id": "kano", "accessor": {"phone": "+16517037981", "role": "primary_caregiver", "access_level": "full"}, "sections_loaded": ["*"], "trigger": "What do you last remember and know about me "}
{"timestamp": "2026-02-26T05:53:58.476128+00:00Z", "event": "response_sent", "family_id": "kano", "recipient": {"phone": "+16517037981", "role": "primary_caregiver", "access_level": "full"}, "response_length": 363, "leakage_check_passed": true}
{"timestamp": "2026-02-26T05:55:05.190150+00:00Z", "event": "context_load", "family_id": "kano", "accessor": {"phone": "+16517037981", "role": "primary_caregiver", "access_level": "full"}, "sections_loaded": ["*"], "trigger": "How could i be both her grandson and my aunt?"}
{"timestamp": "2026-02-26T05:55:09.518372+00:00Z", "event": "response_sent", "family_id": "kano", "recipient": {"phone": "+16517037981", "role": "primary_caregiver", "access_level": "full"}, "response_length": 133, "leakage_check_passed": true}
{"timestamp": "2026-02-26T05:55:59.862330+00:00Z", "event": "context_load", "family_id": "kano", "accessor": {"phone": "+16517037981", "role": "primary_caregiver", "access_level": "full"}, "sections_loaded": ["*"], "trigger": "Are you sure? What\u2019s the relationship of my family to each other and me?"}
{"timestamp": "2026-02-26T05:56:18.416427+00:00Z", "event": "response_sent", "family_id": "kano", "recipient": {"phone": "+16517037981", "role": "primary_caregiver", "access_level": "full"}, "response_length": 269, "leakage_check_passed": true}
{"timestamp": "2026-02-26T05:57:24.904441+00:00Z", "event": "context_load", "family_id": "kano", "accessor": {"phone": "+16517037981", "role": "primary_caregiver", "access_level": "full"}, "sections_loaded": ["*"], "trigger": "If you know Roman is my mom don\u2019t you recall everyone else? "}
{"timestamp": "2026-02-26T05:57:32.111828+00:00Z", "event": "response_sent", "family_id": "kano", "recipient": {"phone": "+16517037981", "role": "primary_caregiver", "access_level": "full"}, "response_length": 228, "leakage_check_passed": true}
{"timestamp": "2026-02-26T05:58:39.077876+00:00Z", "event": "context_load", "family_id": "kano", "accessor": {"phone": "+16517037981", "role": "primary_caregiver", "access_level": "full"}, "sections_loaded": ["*"], "trigger": "What do you remember? Go off of that: who is in my family and what are their relationships to me and their phone numbers. "}
{"timestamp": "2026-02-26T05:58:43.858104+00:00Z", "event": "response_sent", "family_id": "kano", "recipient": {"phone": "+16517037981", "role": "primary_caregiver", "access_level": "full"}, "response_length": 301, "leakage_check_passed": true}
{"timestamp": "2026-02-26T05:59:34.289524+00:00Z", "event": "context_load", "family_id": "kano", "accessor": {"phone": "+16517037981", "role": "primary_caregiver", "access_level": "full"}, "sections_loaded": ["*"], "trigger": "Yes, that\u2019s correct except Degitu is my aunt, making her who to everyone else? "}
{"timestamp": "2026-02-26T05:59:38.700735+00:00Z", "event": "response_sent", "family_id": "kano", "recipient": {"phone": "+16517037981", "role": "primary_caregiver", "access_level": "full"}, "response_length": 208, "leakage_check_passed": true}
{"timestamp": "2026-02-26T06:00:45.212098+00:00Z", "event": "context_load", "family_id": "kano", "accessor": {"phone": "+16517037981", "role": "primary_caregiver", "access_level": "full"}, "sections_loaded": ["*"], "trigger": "Roman\u2019s sister. Ahh would a tree help you out? "}
{"timestamp": "2026-02-26T06:00:50.780803+00:00Z", "event": "response_sent", "family_id": "kano", "recipient": {"phone": "+16517037981", "role": "primary_caregiver", "access_level": "full"}, "response_length": 127, "leakage_check_passed": true}
{"timestamp": "2026-02-26T07:01:21.528245+00:00Z", "event": "context_load", "family_id": "kano", "accessor": {"phone": "+16517037981", "role": "primary_caregiver", "access_level": "full"}, "sections_loaded": ["*"], "trigger": "Hello ?"}
{"timestamp": "2026-02-26T07:01:37.059487+00:00Z", "event": "response_sent", "family_id": "kano", "recipient": {"phone": "+16517037981", "role": "primary_caregiver", "access_level": "full"}, "response_length": 217, "leakage_check_passed": true}
{"timestamp": "2026-02-26T07:02:27.125149+00:00Z", "event": "context_load", "family_id": "kano", "accessor": {"phone": "+16517037981", "role": "primary_caregiver", "access_level": "full"}, "sections_loaded": ["*"], "trigger": "No - she is my aunt. Let\u2019s move on. What next? "}
{"timestamp": "2026-02-26T07:02:31.608586+00:00Z", "event": "response_sent", "family_id": "kano", "recipient": {"phone": "+16517037981", "role": "primary_caregiver", "access_level": "full"}, "response_length": 247, "leakage_check_passed": true}
{"timestamp": "2026-02-26T07:03:04.891685+00:00Z", "event": "context_load", "family_id": "kano", "accessor": {"phone": "+16517037981", "role": "primary_caregiver", "access_level": "full"}, "sections_loaded": ["*"], "trigger": "Yes add my mom "}
{"timestamp": "2026-02-26T07:03:20.584788+00:00Z", "event": "response_sent", "family_id": "kano", "recipient": {"phone": "+16517037981", "role": "primary_caregiver", "access_level": "full"}, "response_length": 147, "leakage_check_passed": true}
{"timestamp": "2026-02-26T07:03:54.201217+00:00Z", "event": "context_load", "family_id": "kano", "accessor": {"phone": "+16517037981", "role": "primary_caregiver", "access_level": "full"}, "sections_loaded": ["*"], "trigger": "Add Roman only "}
{"timestamp": "2026-02-26T07:03:59.881804+00:00Z", "event": "response_sent", "family_id": "kano", "recipient": {"phone": "+16517037981", "role": "primary_caregiver", "access_level": "full"}, "response_length": 146, "leakage_check_passed": true}
{"timestamp": "2026-02-26T07:04:34.382426+00:00Z", "event": "context_load", "family_id": "kano", "accessor": {"phone": "+16517037981", "role": "primary_caregiver", "access_level": "full"}, "sections_loaded": ["*"], "trigger": "Introduce yourself to her. Be nice that\u2019s my mom. "}
{"timestamp": "2026-02-26T07:04:38.334179+00:00Z", "event": "response_sent", "family_id": "kano", "recipient": {"phone": "+16517037981", "role": "primary_caregiver", "access_level": "full"}, "response_length": 208, "leakage_check_passed": true}
{"timestamp": "2026-02-26T07:06:20.813526+00:00Z", "event": "context_load", "family_id": "kano", "accessor": {"phone": "+16516214824", "role": "family_caregiver", "access_level": "schedule+meds"}, "sections_loaded": ["members", "care_recipient", "schedule", "medications", "appointments", "availability", "active_issues"], "trigger": "The sound is okay "}
{"timestamp": "2026-02-26T07:06:23.663373+00:00Z", "event": "response_sent", "family_id": "kano", "recipient": {"phone": "+16516214824", "role": "family_caregiver", "access_level": "schedule+meds"}, "response_length": 57, "leakage_check_passed": true}
{"timestamp": "2026-02-26T07:07:47.329249+00:00Z", "event": "context_load", "family_id": "kano", "accessor": {"phone": "+16516214824", "role": "family_caregiver", "access_level": "schedule+meds"}, "sections_loaded": ["members", "care_recipient", "schedule", "medications", "appointments", "availability", "active_issues"], "trigger": "Tell Liban to bring the spinach from target thank you"}
{"timestamp": "2026-02-26T07:07:51.709763+00:00Z", "event": "response_sent", "family_id": "kano", "recipient": {"phone": "+16516214824", "role": "family_caregiver", "access_level": "schedule+meds"}, "response_length": 60, "leakage_check_passed": true}
{"timestamp": "2026-02-26T08:26:14.578841+00:00Z", "event": "context_load", "family_id": "kano", "accessor": {"phone": "+16517037981", "role": "primary_caregiver", "access_level": "full"}, "sections_loaded": ["*"], "trigger": "Tell my mom I said Goodnight and I love you & dad \u2764\ufe0f "}
{"timestamp": "2026-02-26T08:26:18.238352+00:00Z", "event": "response_sent", "family_id": "kano", "recipient": {"phone": "+16517037981", "role": "primary_caregiver", "access_level": "full"}, "response_length": 38, "leakage_check_passed": true}
{"timestamp": "2026-02-26T18:04:01.889613+00:00Z", "event": "context_load", "family_id": "kano", "accessor": {"phone": "+16517037981", "role": "primary_caregiver", "access_level": "full"}, "sections_loaded": ["*"], "trigger": "OK, so what else can we do now? Are we all set up? I\u2019m not really sure about what your overall functionality is or what you\u2019re supposed to help with."}
{"timestamp": "2026-02-26T18:04:18.128950+00:00Z", "event": "response_sent", "family_id": "kano", "recipient": {"phone": "+16517037981", "role": "primary_caregiver", "access_level": "full"}, "response_length": 386, "leakage_check_passed": true}
{"timestamp": "2026-02-26T18:05:14.087864+00:00Z", "event": "context_load", "family_id": "kano", "accessor": {"phone": "+16517037981", "role": "primary_caregiver", "access_level": "full"}, "sections_loaded": ["*"], "trigger": "Sure let\u2019s do that "}
{"timestamp": "2026-02-26T18:05:17.933539+00:00Z", "event": "response_sent", "family_id": "kano", "recipient": {"phone": "+16517037981", "role": "primary_caregiver", "access_level": "full"}, "response_length": 172, "leakage_check_passed": true}
{"timestamp": "2026-02-26T18:05:55.352356+00:00Z", "event": "context_load", "family_id": "kano", "accessor": {"phone": "+16517037981", "role": "primary_caregiver", "access_level": "full"}, "sections_loaded": ["*"], "trigger": "I was thinking you could ask them .."}
{"timestamp": "2026-02-26T18:06:02.415521+00:00Z", "event": "response_sent", "family_id": "kano", "recipient": {"phone": "+16517037981", "role": "primary_caregiver", "access_level": "full"}, "response_length": 141, "leakage_check_passed": true}
{"timestamp": "2026-02-26T19:02:23.666361+00:00Z", "event": "context_load", "family_id": "kano", "accessor": {"phone": "+16517037981", "role": "primary_caregiver", "access_level": "full"}, "sections_loaded": ["*"], "trigger": "Hello what\u2019s the status? "}
{"timestamp": "2026-02-26T19:02:31.512330+00:00Z", "event": "response_sent", "family_id": "kano", "recipient": {"phone": "+16517037981", "role": "primary_caregiver", "access_level": "full"}, "response_length": 228, "leakage_check_passed": true}
{"timestamp": "2026-02-26T19:21:18.964473+00:00Z", "event": "context_load", "family_id": "kano", "accessor": {"phone": "+16517037981", "role": "primary_caregiver", "access_level": "full"}, "sections_loaded": ["*"], "trigger": "Did you ever reach out to Solan?"}
{"timestamp": "2026-02-26T19:21:24.832564+00:00Z", "event": "response_sent", "family_id": "kano", "recipient": {"phone": "+16517037981", "role": "primary_caregiver", "access_level": "full"}, "response_length": 152, "leakage_check_passed": true}
{"timestamp": "2026-02-26T19:22:01.341986+00:00Z", "event": "context_load", "family_id": "kano", "accessor": {"phone": "+16517037981", "role": "primary_caregiver", "access_level": "full"}, "sections_loaded": ["*"], "trigger": "Can you message Solan about which days he can drive?"}
{"timestamp": "2026-02-26T19:22:05.969566+00:00Z", "event": "response_sent", "family_id": "kano", "recipient": {"phone": "+16517037981", "role": "primary_caregiver", "access_level": "full"}, "response_length": 58, "leakage_check_passed": true}
{"timestamp": "2026-02-26T19:37:06.540485+00:00Z", "event": "context_load", "family_id": "kano", "accessor": {"phone": "+16517037981", "role": "primary_caregiver", "access_level": "full"}, "sections_loaded": ["*"], "trigger": "Can you message Solan about which days he can drive?"}
{"timestamp": "2026-02-26T19:37:11.178900+00:00Z", "event": "response_sent", "family_id": "kano", "recipient": {"phone": "+16517037981", "role": "primary_caregiver", "access_level": "full"}, "response_length": 58, "leakage_check_passed": true}
{"timestamp": "2026-02-26T19:50:44.751384+00:00Z", "event": "context_load", "family_id": "kano", "accessor": {"phone": "+16517037981", "role": "primary_caregiver", "access_level": "full"}, "sections_loaded": ["*"], "trigger": "Can you message yada and ask same question "}
{"timestamp": "2026-02-26T19:50:50.590984+00:00Z", "event": "response_sent", "family_id": "kano", "recipient": {"phone": "+16517037981", "role": "primary_caregiver", "access_level": "full"}, "response_length": 52, "leakage_check_passed": true}
{"timestamp": "2026-02-26T19:51:48.794329+00:00Z", "event": "unknown_number", "phone": "+16514109390", "phi_disclosed": false}
