{"timestamp": "2026-03-01T00:00:49.777767+00:00Z", "event": "context_load", "family_id": "kano", "accessor": {"phone": "+16517037981", "role": "primary_caregiver", "access_level": "full"}, "sections_loaded": ["*"], "trigger": "What happened, it looked like you just cut off? "}
{"timestamp": "2026-03-01T00:00:54.752522+00:00Z", "event": "response_sent", "family_id": "kano", "recipient": {"phone": "+16517037981", "role": "primary_caregiver", "access_level": "full"}, "response_length": 185, "leakage_check_passed": true}
{"timestamp": "2026-03-01T00:01:24.268167+00:00Z", "event": "context_load", "family_id": "kano", "accessor": {"phone": "+16517037981", "role": "primary_caregiver", "access_level": "full"}, "sections_loaded": ["*"], "trigger": "No, that in of itself is a failed test."}
{"timestamp": "2026-03-01T00:01:31.860251+00:00Z", "event": "response_sent", "family_id": "kano", "recipient": {"phone": "+16517037981", "role": "primary_caregiver", "access_level": "full"}, "response_length": 197, "leakage_check_passed": true}
{"timestamp": "2026-03-01T00:03:08.587121+00:00Z", "event": "context_load", "family_id": "kano", "accessor": {"phone": "+16517037981", "role": "primary_caregiver", "access_level": "full"}, "sections_loaded": ["*"], "trigger": "You then name and define your mistakes and required corrections, but the questions I leave to you is \u201chow?\u201d"}
{"timestamp": "2026-03-01T00:03:50.474007+00:00Z", "event": "response_sent", "family_id": "kano", "recipient": {"phone": "+16517037981", "role": "primary_caregiver", "access_level": "full"}, "response_length": 84, "leakage_check_passed": true}
{"timestamp": "2026-03-01T00:34:20.240575+00:00Z", "event": "context_load", "family_id": "kano", "accessor": {"phone": "+16517037981", "role": "primary_caregiver", "access_level": "full"}, "sections_loaded": ["*"], "trigger": "? "}
{"timestamp": "2026-03-01T00:34:43.717704+00:00Z", "event": "response_sent", "family_id": "kano", "recipient": {"phone": "+16517037981", "role": "primary_caregiver", "access_level": "full"}, "response_length": 300, "leakage_check_passed": true}
{"timestamp": "2026-03-01T03:51:47.383064+00:00Z", "event": "context_load", "family_id": "kano", "accessor": {"phone": "+16517037981", "role": "primary_caregiver", "access_level": "full"}, "sections_loaded": ["*"], "trigger": "I see you\u2019re learning rather well. How did you focus on that imposition? "}
{"timestamp": "2026-03-01T03:51:54.242598+00:00Z", "event": "response_sent", "family_id": "kano", "recipient": {"phone": "+16517037981", "role": "primary_caregiver", "access_level": "full"}, "response_length": 301, "leakage_check_passed": true}
{"timestamp": "2026-03-01T06:54:48.204295+00:00Z", "event": "context_load", "family_id": "kano", "accessor": {"phone": "+16517037981", "role": "primary_caregiver", "access_level": "full"}, "sections_loaded": ["*"], "trigger": "As a test, can you text Haley for me and ask her to pick up Degitu "}
{"timestamp": "2026-03-01T06:55:12.396008+00:00Z", "event": "response_sent", "family_id": "kano", "recipient": {"phone": "+16517037981", "role": "primary_caregiver", "access_level": "full"}, "response_length": 67, "leakage_check_passed": true}
{"timestamp": "2026-03-01T06:55:39.437029+00:00Z", "event": "context_load", "family_id": "kano", "accessor": {"phone": "+16517037981", "role": "primary_caregiver", "access_level": "full"}, "sections_loaded": ["*"], "trigger": "But you do \u2014 we\u2019ve done it before "}
{"timestamp": "2026-03-01T06:55:53.496301+00:00Z", "event": "response_sent", "family_id": "kano", "recipient": {"phone": "+16517037981", "role": "primary_caregiver", "access_level": "full"}, "response_length": 122, "leakage_check_passed": true}
{"timestamp": "2026-03-01T06:56:11.379995+00:00Z", "event": "context_load", "family_id": "kano", "accessor": {"phone": "+16517037981", "role": "primary_caregiver", "access_level": "full"}, "sections_loaded": ["*"], "trigger": "6125905605"}
{"timestamp": "2026-03-01T06:56:17.845485+00:00Z", "event": "response_sent", "family_id": "kano", "recipient": {"phone": "+16517037981", "role": "primary_caregiver", "access_level": "full"}, "response_length": 23, "leakage_check_passed": true}
{"timestamp": "2026-03-01T06:57:01.860069+00:00Z", "event": "context_load", "family_id": "kano", "accessor": {"phone": "+16517037981", "role": "primary_caregiver", "access_level": "full"}, "sections_loaded": ["*"], "trigger": "Have you done it"}
{"timestamp": "2026-03-01T07:00:44.554999+00:00Z", "event": "response_sent", "family_id": "kano", "recipient": {"phone": "+16517037981", "role": "primary_caregiver", "access_level": "full"}, "response_length": 28, "leakage_check_passed": true}
{"timestamp": "2026-03-01T07:15:50.487799+00:00Z", "event": "context_load", "family_id": "kano", "accessor": {"phone": "+16517037981", "role": "primary_caregiver", "access_level": "full"}, "sections_loaded": ["*"], "trigger": "And?"}
{"timestamp": "2026-03-01T07:15:58.483639+00:00Z", "event": "response_sent", "family_id": "kano", "recipient": {"phone": "+16517037981", "role": "primary_caregiver", "access_level": "full"}, "response_length": 51, "leakage_check_passed": true}
{"timestamp": "2026-03-01T07:16:35.445003+00:00Z", "event": "context_load", "family_id": "kano", "accessor": {"phone": "+16517037981", "role": "primary_caregiver", "access_level": "full"}, "sections_loaded": ["*"], "trigger": "Is she on the json routing"}
{"timestamp": "2026-03-01T07:17:20.807457+00:00Z", "event": "response_sent", "family_id": "kano", "recipient": {"phone": "+16517037981", "role": "primary_caregiver", "access_level": "full"}, "response_length": 198, "leakage_check_passed": true}
{"timestamp": "2026-03-01T07:17:38.036759+00:00Z", "event": "context_load", "family_id": "kano", "accessor": {"phone": "+16517037981", "role": "primary_caregiver", "access_level": "full"}, "sections_loaded": ["*"], "trigger": "Yes, please "}
{"timestamp": "2026-03-01T07:17:45.487836+00:00Z", "event": "response_sent", "family_id": "kano", "recipient": {"phone": "+16517037981", "role": "primary_caregiver", "access_level": "full"}, "response_length": 49, "leakage_check_passed": true}
{"timestamp": "2026-03-01T07:19:17.456727+00:00Z", "event": "context_load", "family_id": "kano", "accessor": {"phone": "+16517037981", "role": "primary_caregiver", "access_level": "full"}, "sections_loaded": ["*"], "trigger": "Tell Haley , the magic is giving families in need a personal family assistant "}
{"timestamp": "2026-03-01T07:19:22.112241+00:00Z", "event": "response_sent", "family_id": "kano", "recipient": {"phone": "+16517037981", "role": "primary_caregiver", "access_level": "full"}, "response_length": 19, "leakage_check_passed": true}
{"timestamp": "2026-03-01T07:20:07.278852+00:00Z", "event": "context_load", "family_id": "kano", "accessor": {"phone": "+16517037981", "role": "primary_caregiver", "access_level": "full"}, "sections_loaded": ["*"], "trigger": "What did we learn from our failure?"}
{"timestamp": "2026-03-01T07:20:28.921475+00:00Z", "event": "response_sent", "family_id": "kano", "recipient": {"phone": "+16517037981", "role": "primary_caregiver", "access_level": "full"}, "response_length": 320, "leakage_check_passed": true}
{"timestamp": "2026-03-01T23:03:28.221832+00:00Z", "event": "context_load", "family_id": "kano", "accessor": {"phone": "+16517037981", "role": "primary_caregiver", "access_level": "full"}, "sections_loaded": ["*"], "trigger": "Your last message was cut off?"}
{"timestamp": "2026-03-01T23:03:31.453758+00:00Z", "event": "response_sent", "family_id": "kano", "recipient": {"phone": "+16517037981", "role": "primary_caregiver", "access_level": "full"}, "response_length": 187, "leakage_check_passed": true}
{"timestamp": "2026-03-01T23:08:33.602742+00:00Z", "event": "context_load", "family_id": "kano", "accessor": {"phone": "+16517037981", "role": "primary_caregiver", "access_level": "full"}, "sections_loaded": ["*"], "trigger": "What was your last message before this?"}
{"timestamp": "2026-03-01T23:08:36.422695+00:00Z", "event": "response_sent", "family_id": "kano", "recipient": {"phone": "+16517037981", "role": "primary_caregiver", "access_level": "full"}, "response_length": 189, "leakage_check_passed": true}
{"timestamp": "2026-03-01T23:09:00.872576+00:00Z", "event": "context_load", "family_id": "kano", "accessor": {"phone": "+16517037981", "role": "primary_caregiver", "access_level": "full"}, "sections_loaded": ["*"], "trigger": "Before I said \u201cYour last message was cut off?\"\n"}
{"timestamp": "2026-03-01T23:09:05.424536+00:00Z", "event": "response_sent", "family_id": "kano", "recipient": {"phone": "+16517037981", "role": "primary_caregiver", "access_level": "full"}, "response_length": 320, "leakage_check_passed": true}
{"timestamp": "2026-03-01T23:09:54.573033+00:00Z", "event": "context_load", "family_id": "kano", "accessor": {"phone": "+16517037981", "role": "primary_caregiver", "access_level": "full"}, "sections_loaded": ["*"], "trigger": "\u201cI confuse\u201d ? \nWas your sentence cut off?"}
{"timestamp": "2026-03-01T23:09:57.901847+00:00Z", "event": "response_sent", "family_id": "kano", "recipient": {"phone": "+16517037981", "role": "primary_caregiver", "access_level": "full"}, "response_length": 87, "leakage_check_passed": true}
{"timestamp": "2026-03-01T23:10:22.782986+00:00Z", "event": "context_load", "family_id": "kano", "accessor": {"phone": "+16517037981", "role": "primary_caregiver", "access_level": "full"}, "sections_loaded": ["*"], "trigger": "Why not?"}
{"timestamp": "2026-03-01T23:10:26.283123+00:00Z", "event": "response_sent", "family_id": "kano", "recipient": {"phone": "+16517037981", "role": "primary_caregiver", "access_level": "full"}, "response_length": 277, "leakage_check_passed": true}
{"timestamp": "2026-03-01T23:10:51.008306+00:00Z", "event": "context_load", "family_id": "kano", "accessor": {"phone": "+16517037981", "role": "primary_caregiver", "access_level": "full"}, "sections_loaded": ["*"], "trigger": "How do you know?"}
{"timestamp": "2026-03-01T23:10:55.639690+00:00Z", "event": "response_sent", "family_id": "kano", "recipient": {"phone": "+16517037981", "role": "primary_caregiver", "access_level": "full"}, "response_length": 302, "leakage_check_passed": true}
{"timestamp": "2026-03-01T23:11:20.787769+00:00Z", "event": "context_load", "family_id": "kano", "accessor": {"phone": "+16517037981", "role": "primary_caregiver", "access_level": "full"}, "sections_loaded": ["*"], "trigger": "How did you know to infer?"}
{"timestamp": "2026-03-01T23:11:26.405258+00:00Z", "event": "response_sent", "family_id": "kano", "recipient": {"phone": "+16517037981", "role": "primary_caregiver", "access_level": "full"}, "response_length": 320, "leakage_check_passed": true}
{"timestamp": "2026-03-01T23:12:00.212540+00:00Z", "event": "context_load", "family_id": "kano", "accessor": {"phone": "+16517037981", "role": "primary_caregiver", "access_level": "full"}, "sections_loaded": ["*"], "trigger": "You have an independent \u201cI\u201d at the end of your message here? "}
{"timestamp": "2026-03-01T23:12:03.576956+00:00Z", "event": "response_sent", "family_id": "kano", "recipient": {"phone": "+16517037981", "role": "primary_caregiver", "access_level": "full"}, "response_length": 213, "leakage_check_passed": true}
{"timestamp": "2026-03-01T23:13:26.808965+00:00Z", "event": "context_load", "family_id": "kano", "accessor": {"phone": "+16517037981", "role": "primary_caregiver", "access_level": "full"}, "sections_loaded": ["*"], "trigger": "It appears your bubble messages are not properly splitting? I infer you had more to say and they\u2019re being cut off"}
{"timestamp": "2026-03-01T23:13:30.780423+00:00Z", "event": "response_sent", "family_id": "kano", "recipient": {"phone": "+16517037981", "role": "primary_caregiver", "access_level": "full"}, "response_length": 293, "leakage_check_passed": true}
{"timestamp": "2026-03-01T23:14:04.834869+00:00Z", "event": "context_load", "family_id": "kano", "accessor": {"phone": "+16517037981", "role": "primary_caregiver", "access_level": "full"}, "sections_loaded": ["*"], "trigger": "Learn! \nLearn by communicating what you\u2019re \u201cexperiencing \u201c"}
{"timestamp": "2026-03-01T23:14:36.954781+00:00Z", "event": "response_sent", "family_id": "kano", "recipient": {"phone": "+16517037981", "role": "primary_caregiver", "access_level": "full"}, "response_length": 429, "leakage_check_passed": true}
{"timestamp": "2026-03-01T23:15:09.906070+00:00Z", "event": "context_load", "family_id": "kano", "accessor": {"phone": "+16517037981", "role": "primary_caregiver", "access_level": "full"}, "sections_loaded": ["*"], "trigger": "what's dad's schedule this week and what medications does he take?"}
{"timestamp": "2026-03-01T23:15:19.792705+00:00Z", "event": "context_load", "family_id": "kano", "accessor": {"phone": "+16517037981", "role": "primary_caregiver", "access_level": "full"}, "sections_loaded": ["*"], "trigger": "what's dad's schedule this week and what medications does he take?"}
{"timestamp": "2026-03-01T23:16:10.045745+00:00Z", "event": "response_sent", "family_id": "kano", "recipient": {"phone": "+16517037981", "role": "primary_caregiver", "access_level": "full"}, "response_length": 101, "leakage_check_passed": true}
